// Jest Snapshot v1, https://goo.gl/fbAQLP

exports[`PromotionsBoard matches the snapshot 1`] = `ShallowWrapper {}`;
