// Jest Snapshot v1, https://goo.gl/fbAQLP

exports[`CloseButton CloseButton matches the snapshot 1`] = `ShallowWrapper {}`;
